{
    "SRR24085752 - raw only": {
        "content": [
            {
                "0": [
                    [
                        {
                            "id": "SRR24085752",
                            "single_end": false,
                            "md5_1": "e67296355980997dde170c602d9cb4c1",
                            "md5_2": "86b4ee5d4860aed0a3a2538a7757cbc8"
                        },
                        "SRR24085752.unitigs.fa.gz:md5,134bb7521e3af1d7cf0ceb3c465bdc53"
                    ]
                ],
                "1": [
                    
                ],
                "2": [
                    
                ],
                "3": [
                    
                ],
                "4": [
                    "versions.yml:md5,63c274313e2b305b08175b44dea333a7"
                ],
                "filt_mult_fasta": [
                    
                ],
                "filtered_fasta": [
                    
                ],
                "multiplied_fasta": [
                    
                ],
                "raw_fasta": [
                    [
                        {
                            "id": "SRR24085752",
                            "single_end": false,
                            "md5_1": "e67296355980997dde170c602d9cb4c1",
                            "md5_2": "86b4ee5d4860aed0a3a2538a7757cbc8"
                        },
                        "SRR24085752.unitigs.fa.gz:md5,134bb7521e3af1d7cf0ceb3c465bdc53"
                    ]
                ],
                "versions": [
                    "versions.yml:md5,63c274313e2b305b08175b44dea333a7"
                ]
            }
        ],
        "meta": {
            "nf-test": "0.9.0",
            "nextflow": "24.04.4"
        },
        "timestamp": "2024-10-10T12:20:34.023879474"
    },
    "stub - raw": {
        "content": [
            {
                "0": [
                    [
                        {
                            "id": "SRR24085752",
                            "single_end": false,
                            "md5_1": "e67296355980997dde170c602d9cb4c1",
                            "md5_2": "86b4ee5d4860aed0a3a2538a7757cbc8"
                        },
                        "SRR24085752.unitigs.fa.gz:md5,68b329da9893e34099c7d8ad5cb9c940"
                    ]
                ],
                "1": [
                    
                ],
                "2": [
                    
                ],
                "3": [
                    
                ],
                "4": [
                    "versions.yml:md5,63c274313e2b305b08175b44dea333a7"
                ],
                "filt_mult_fasta": [
                    
                ],
                "filtered_fasta": [
                    
                ],
                "multiplied_fasta": [
                    
                ],
                "raw_fasta": [
                    [
                        {
                            "id": "SRR24085752",
                            "single_end": false,
                            "md5_1": "e67296355980997dde170c602d9cb4c1",
                            "md5_2": "86b4ee5d4860aed0a3a2538a7757cbc8"
                        },
                        "SRR24085752.unitigs.fa.gz:md5,68b329da9893e34099c7d8ad5cb9c940"
                    ]
                ],
                "versions": [
                    "versions.yml:md5,63c274313e2b305b08175b44dea333a7"
                ]
            }
        ],
        "meta": {
            "nf-test": "0.9.0",
            "nextflow": "24.04.4"
        },
        "timestamp": "2024-10-10T12:22:14.93459844"
    },
    "SRR24085752 - multiplied": {
        "content": [
            {
                "0": [
                    [
                        {
                            "id": "SRR24085752",
                            "single_end": false,
                            "md5_1": "e67296355980997dde170c602d9cb4c1",
                            "md5_2": "86b4ee5d4860aed0a3a2538a7757cbc8"
                        },
                        "SRR24085752.unitigs.fa.gz:md5,134bb7521e3af1d7cf0ceb3c465bdc53"
                    ]
                ],
                "1": [
                    
                ],
                "2": [
                    [
                        {
                            "id": "SRR24085752",
                            "single_end": false,
                            "md5_1": "e67296355980997dde170c602d9cb4c1",
                            "md5_2": "86b4ee5d4860aed0a3a2538a7757cbc8"
                        },
                        "SRR24085752.multiplier.fasta.gz:md5,968840dfa0f56f45294f4a389fb38297"
                    ]
                ],
                "3": [
                    
                ],
                "4": [
                    "versions.yml:md5,63c274313e2b305b08175b44dea333a7"
                ],
                "filt_mult_fasta": [
                    
                ],
                "filtered_fasta": [
                    
                ],
                "multiplied_fasta": [
                    [
                        {
                            "id": "SRR24085752",
                            "single_end": false,
                            "md5_1": "e67296355980997dde170c602d9cb4c1",
                            "md5_2": "86b4ee5d4860aed0a3a2538a7757cbc8"
                        },
                        "SRR24085752.multiplier.fasta.gz:md5,968840dfa0f56f45294f4a389fb38297"
                    ]
                ],
                "raw_fasta": [
                    [
                        {
                            "id": "SRR24085752",
                            "single_end": false,
                            "md5_1": "e67296355980997dde170c602d9cb4c1",
                            "md5_2": "86b4ee5d4860aed0a3a2538a7757cbc8"
                        },
                        "SRR24085752.unitigs.fa.gz:md5,134bb7521e3af1d7cf0ceb3c465bdc53"
                    ]
                ],
                "versions": [
                    "versions.yml:md5,63c274313e2b305b08175b44dea333a7"
                ]
            }
        ],
        "meta": {
            "nf-test": "0.9.0",
            "nextflow": "24.04.4"
        },
        "timestamp": "2024-10-10T12:21:26.743304092"
    },
    "SRR24085752 - filtered + multiplied": {
        "content": [
            {
                "0": [
                    [
                        {
                            "id": "SRR24085752",
                            "single_end": false,
                            "md5_1": "e67296355980997dde170c602d9cb4c1",
                            "md5_2": "86b4ee5d4860aed0a3a2538a7757cbc8"
                        },
                        "SRR24085752.unitigs.fa.gz:md5,134bb7521e3af1d7cf0ceb3c465bdc53"
                    ]
                ],
                "1": [
                    [
                        {
                            "id": "SRR24085752",
                            "single_end": false,
                            "md5_1": "e67296355980997dde170c602d9cb4c1",
                            "md5_2": "86b4ee5d4860aed0a3a2538a7757cbc8"
                        },
                        "SRR24085752.filter.fasta.gz:md5,5eb2cc6f1a1070e4188c72d53c3c76ae"
                    ]
                ],
                "2": [
                    [
                        {
                            "id": "SRR24085752",
                            "single_end": false,
                            "md5_1": "e67296355980997dde170c602d9cb4c1",
                            "md5_2": "86b4ee5d4860aed0a3a2538a7757cbc8"
                        },
                        "SRR24085752.multiplier.fasta.gz:md5,968840dfa0f56f45294f4a389fb38297"
                    ]
                ],
                "3": [
                    [
                        {
                            "id": "SRR24085752",
                            "single_end": false,
                            "md5_1": "e67296355980997dde170c602d9cb4c1",
                            "md5_2": "86b4ee5d4860aed0a3a2538a7757cbc8"
                        },
                        "SRR24085752.filt_mult.fasta.gz:md5,86cde1ce79975356d01ec3021c128f7a"
                    ]
                ],
                "4": [
                    "versions.yml:md5,63c274313e2b305b08175b44dea333a7"
                ],
                "filt_mult_fasta": [
                    [
                        {
                            "id": "SRR24085752",
                            "single_end": false,
                            "md5_1": "e67296355980997dde170c602d9cb4c1",
                            "md5_2": "86b4ee5d4860aed0a3a2538a7757cbc8"
                        },
                        "SRR24085752.filt_mult.fasta.gz:md5,86cde1ce79975356d01ec3021c128f7a"
                    ]
                ],
                "filtered_fasta": [
                    [
                        {
                            "id": "SRR24085752",
                            "single_end": false,
                            "md5_1": "e67296355980997dde170c602d9cb4c1",
                            "md5_2": "86b4ee5d4860aed0a3a2538a7757cbc8"
                        },
                        "SRR24085752.filter.fasta.gz:md5,5eb2cc6f1a1070e4188c72d53c3c76ae"
                    ]
                ],
                "multiplied_fasta": [
                    [
                        {
                            "id": "SRR24085752",
                            "single_end": false,
                            "md5_1": "e67296355980997dde170c602d9cb4c1",
                            "md5_2": "86b4ee5d4860aed0a3a2538a7757cbc8"
                        },
                        "SRR24085752.multiplier.fasta.gz:md5,968840dfa0f56f45294f4a389fb38297"
                    ]
                ],
                "raw_fasta": [
                    [
                        {
                            "id": "SRR24085752",
                            "single_end": false,
                            "md5_1": "e67296355980997dde170c602d9cb4c1",
                            "md5_2": "86b4ee5d4860aed0a3a2538a7757cbc8"
                        },
                        "SRR24085752.unitigs.fa.gz:md5,134bb7521e3af1d7cf0ceb3c465bdc53"
                    ]
                ],
                "versions": [
                    "versions.yml:md5,63c274313e2b305b08175b44dea333a7"
                ]
            }
        ],
        "meta": {
            "nf-test": "0.9.0",
            "nextflow": "24.04.4"
        },
        "timestamp": "2024-10-10T12:21:53.048141703"
    },
    "stub - filtered + multiplied": {
        "content": [
            {
                "0": [
                    [
                        {
                            "id": "SRR24085752",
                            "single_end": false,
                            "md5_1": "e67296355980997dde170c602d9cb4c1",
                            "md5_2": "86b4ee5d4860aed0a3a2538a7757cbc8"
                        },
                        "SRR24085752.unitigs.fa.gz:md5,68b329da9893e34099c7d8ad5cb9c940"
                    ]
                ],
                "1": [
                    
                ],
                "2": [
                    [
                        {
                            "id": "SRR24085752",
                            "single_end": false,
                            "md5_1": "e67296355980997dde170c602d9cb4c1",
                            "md5_2": "86b4ee5d4860aed0a3a2538a7757cbc8"
                        },
                        "SRR24085752.multiplier.fasta.gz:md5,68b329da9893e34099c7d8ad5cb9c940"
                    ]
                ],
                "3": [
                    [
                        {
                            "id": "SRR24085752",
                            "single_end": false,
                            "md5_1": "e67296355980997dde170c602d9cb4c1",
                            "md5_2": "86b4ee5d4860aed0a3a2538a7757cbc8"
                        },
                        "SRR24085752.filt_mult.fasta.gz:md5,68b329da9893e34099c7d8ad5cb9c940"
                    ]
                ],
                "4": [
                    "versions.yml:md5,63c274313e2b305b08175b44dea333a7"
                ],
                "filt_mult_fasta": [
                    [
                        {
                            "id": "SRR24085752",
                            "single_end": false,
                            "md5_1": "e67296355980997dde170c602d9cb4c1",
                            "md5_2": "86b4ee5d4860aed0a3a2538a7757cbc8"
                        },
                        "SRR24085752.filt_mult.fasta.gz:md5,68b329da9893e34099c7d8ad5cb9c940"
                    ]
                ],
                "filtered_fasta": [
                    
                ],
                "multiplied_fasta": [
                    [
                        {
                            "id": "SRR24085752",
                            "single_end": false,
                            "md5_1": "e67296355980997dde170c602d9cb4c1",
                            "md5_2": "86b4ee5d4860aed0a3a2538a7757cbc8"
                        },
                        "SRR24085752.multiplier.fasta.gz:md5,68b329da9893e34099c7d8ad5cb9c940"
                    ]
                ],
                "raw_fasta": [
                    [
                        {
                            "id": "SRR24085752",
                            "single_end": false,
                            "md5_1": "e67296355980997dde170c602d9cb4c1",
                            "md5_2": "86b4ee5d4860aed0a3a2538a7757cbc8"
                        },
                        "SRR24085752.unitigs.fa.gz:md5,68b329da9893e34099c7d8ad5cb9c940"
                    ]
                ],
                "versions": [
                    "versions.yml:md5,63c274313e2b305b08175b44dea333a7"
                ]
            }
        ],
        "meta": {
            "nf-test": "0.9.0",
            "nextflow": "24.04.4"
        },
        "timestamp": "2024-10-10T12:22:36.272615934"
    },
    "SRR24085752 - filtered": {
        "content": [
            {
                "0": [
                    [
                        {
                            "id": "SRR24085752",
                            "single_end": false,
                            "md5_1": "e67296355980997dde170c602d9cb4c1",
                            "md5_2": "86b4ee5d4860aed0a3a2538a7757cbc8"
                        },
                        "SRR24085752.unitigs.fa.gz:md5,134bb7521e3af1d7cf0ceb3c465bdc53"
                    ]
                ],
                "1": [
                    [
                        {
                            "id": "SRR24085752",
                            "single_end": false,
                            "md5_1": "e67296355980997dde170c602d9cb4c1",
                            "md5_2": "86b4ee5d4860aed0a3a2538a7757cbc8"
                        },
                        "SRR24085752.filter.fasta.gz:md5,5eb2cc6f1a1070e4188c72d53c3c76ae"
                    ]
                ],
                "2": [
                    
                ],
                "3": [
                    
                ],
                "4": [
                    "versions.yml:md5,63c274313e2b305b08175b44dea333a7"
                ],
                "filt_mult_fasta": [
                    
                ],
                "filtered_fasta": [
                    [
                        {
                            "id": "SRR24085752",
                            "single_end": false,
                            "md5_1": "e67296355980997dde170c602d9cb4c1",
                            "md5_2": "86b4ee5d4860aed0a3a2538a7757cbc8"
                        },
                        "SRR24085752.filter.fasta.gz:md5,5eb2cc6f1a1070e4188c72d53c3c76ae"
                    ]
                ],
                "multiplied_fasta": [
                    
                ],
                "raw_fasta": [
                    [
                        {
                            "id": "SRR24085752",
                            "single_end": false,
                            "md5_1": "e67296355980997dde170c602d9cb4c1",
                            "md5_2": "86b4ee5d4860aed0a3a2538a7757cbc8"
                        },
                        "SRR24085752.unitigs.fa.gz:md5,134bb7521e3af1d7cf0ceb3c465bdc53"
                    ]
                ],
                "versions": [
                    "versions.yml:md5,63c274313e2b305b08175b44dea333a7"
                ]
            }
        ],
        "meta": {
            "nf-test": "0.9.0",
            "nextflow": "24.04.4"
        },
        "timestamp": "2024-10-10T12:21:00.454373966"
    }
}