{
    "fasta.gz - bam - stub": {
        "content": [
            {
                "0": [
                    [
                        {
                            "id": "test"
                        },
                        "test.prophage.out:md5,d41d8cd98f00b204e9800998ecf8427e"
                    ]
                ],
                "1": [
                    "versions.yml:md5,e4ec57dd9ee845f5409bc7f06d89bfaf"
                ],
                "prophage": [
                    [
                        {
                            "id": "test"
                        },
                        "test.prophage.out:md5,d41d8cd98f00b204e9800998ecf8427e"
                    ]
                ],
                "versions": [
                    "versions.yml:md5,e4ec57dd9ee845f5409bc7f06d89bfaf"
                ]
            }
        ],
        "meta": {
            "nf-test": "0.8.4",
            "nextflow": "24.04.1"
        },
        "timestamp": "2024-07-16T11:27:20.147806848"
    },
    "fasta.gz - bam": {
        "content": [
            {
                "0": [
                    [
                        {
                            "id": "test"
                        },
                        "test.prophage.out:md5,8166ad81eb844e4172fd02fb2ec0db2f"
                    ]
                ],
                "1": [
                    "versions.yml:md5,e4ec57dd9ee845f5409bc7f06d89bfaf"
                ],
                "prophage": [
                    [
                        {
                            "id": "test"
                        },
                        "test.prophage.out:md5,8166ad81eb844e4172fd02fb2ec0db2f"
                    ]
                ],
                "versions": [
                    "versions.yml:md5,e4ec57dd9ee845f5409bc7f06d89bfaf"
                ]
            }
        ],
        "meta": {
            "nf-test": "0.9.0",
            "nextflow": "24.04.4"
        },
        "timestamp": "2024-10-15T09:42:12.105261789"
    }
}