{
    "fasta.gz - stub": {
        "content": [
            {
                "0": [
                    [
                        {
                            "id": "test2",
                            "single_end": false
                        },
                        "test2.mvirs.bam:md5,d41d8cd98f00b204e9800998ecf8427e"
                    ]
                ],
                "1": [
                    [
                        {
                            "id": "test2",
                            "single_end": false
                        },
                        "test2.mvirs.fasta.gz:md5,68b329da9893e34099c7d8ad5cb9c940"
                    ]
                ],
                "2": [
                    [
                        {
                            "id": "test2",
                            "single_end": false
                        },
                        "test2.mvirs.oprs:md5,d41d8cd98f00b204e9800998ecf8427e"
                    ]
                ],
                "3": [
                    [
                        {
                            "id": "test2",
                            "single_end": false
                        },
                        "test2.mvirs.clipped:md5,d41d8cd98f00b204e9800998ecf8427e"
                    ]
                ],
                "4": [
                    [
                        {
                            "id": "test2",
                            "single_end": false
                        },
                        "test2.mvirs.prophages:md5,d41d8cd98f00b204e9800998ecf8427e"
                    ]
                ],
                "5": [
                    "versions.yml:md5,bdc8bb39d850e5464d42d6bd7df9a2d2"
                ],
                "bam": [
                    [
                        {
                            "id": "test2",
                            "single_end": false
                        },
                        "test2.mvirs.bam:md5,d41d8cd98f00b204e9800998ecf8427e"
                    ]
                ],
                "clipped": [
                    [
                        {
                            "id": "test2",
                            "single_end": false
                        },
                        "test2.mvirs.clipped:md5,d41d8cd98f00b204e9800998ecf8427e"
                    ]
                ],
                "fasta": [
                    [
                        {
                            "id": "test2",
                            "single_end": false
                        },
                        "test2.mvirs.fasta.gz:md5,68b329da9893e34099c7d8ad5cb9c940"
                    ]
                ],
                "oprs": [
                    [
                        {
                            "id": "test2",
                            "single_end": false
                        },
                        "test2.mvirs.oprs:md5,d41d8cd98f00b204e9800998ecf8427e"
                    ]
                ],
                "prophage": [
                    [
                        {
                            "id": "test2",
                            "single_end": false
                        },
                        "test2.mvirs.prophages:md5,d41d8cd98f00b204e9800998ecf8427e"
                    ]
                ],
                "versions": [
                    "versions.yml:md5,bdc8bb39d850e5464d42d6bd7df9a2d2"
                ]
            }
        ],
        "meta": {
            "nf-test": "0.9.0",
            "nextflow": "24.04.4"
        },
        "timestamp": "2024-10-15T10:29:26.478003683"
    },
    "fasta.gz": {
        "content": [
            {
                "0": [
                    [
                        {
                            "id": "test2",
                            "single_end": false
                        },
                        "test2.mvirs.bam:md5,ff71d51c6fdd7c861dfc2291e696ea64"
                    ]
                ],
                "1": [
                    [
                        {
                            "id": "test2",
                            "single_end": false
                        },
                        "test2.mvirs.fasta.gz:md5,9e1e21890100e9b020a33231a513a2a1"
                    ]
                ],
                "2": [
                    [
                        {
                            "id": "test2",
                            "single_end": false
                        },
                        "test2.mvirs.oprs:md5,6ee89377971c3156b03db4fdf2b3a0a0"
                    ]
                ],
                "3": [
                    [
                        {
                            "id": "test2",
                            "single_end": false
                        },
                        "test2.mvirs.clipped:md5,e52b358cb85381ea526452dae127d38d"
                    ]
                ],
                "4": [
                    [
                        {
                            "id": "test2",
                            "single_end": false
                        },
                        "test2.mvirs.prophages:md5,70ce813cbba0d016917d380ea2cf6af4"
                    ]
                ],
                "5": [
                    "versions.yml:md5,bdc8bb39d850e5464d42d6bd7df9a2d2"
                ],
                "bam": [
                    [
                        {
                            "id": "test2",
                            "single_end": false
                        },
                        "test2.mvirs.bam:md5,ff71d51c6fdd7c861dfc2291e696ea64"
                    ]
                ],
                "clipped": [
                    [
                        {
                            "id": "test2",
                            "single_end": false
                        },
                        "test2.mvirs.clipped:md5,e52b358cb85381ea526452dae127d38d"
                    ]
                ],
                "fasta": [
                    [
                        {
                            "id": "test2",
                            "single_end": false
                        },
                        "test2.mvirs.fasta.gz:md5,9e1e21890100e9b020a33231a513a2a1"
                    ]
                ],
                "oprs": [
                    [
                        {
                            "id": "test2",
                            "single_end": false
                        },
                        "test2.mvirs.oprs:md5,6ee89377971c3156b03db4fdf2b3a0a0"
                    ]
                ],
                "prophage": [
                    [
                        {
                            "id": "test2",
                            "single_end": false
                        },
                        "test2.mvirs.prophages:md5,70ce813cbba0d016917d380ea2cf6af4"
                    ]
                ],
                "versions": [
                    "versions.yml:md5,bdc8bb39d850e5464d42d6bd7df9a2d2"
                ]
            }
        ],
        "meta": {
            "nf-test": "0.9.0",
            "nextflow": "24.04.4"
        },
        "timestamp": "2024-10-15T10:30:06.053205854"
    }
}