{
    "b_fragilis - fastq.gz - fasta.gz": {
        "content": [
            {
                "0": [
                    [
                        {
                            "id": "test1",
                            "group": "test",
                            "single_end": false
                        },
                        "test1.prophage.out:md5,8166ad81eb844e4172fd02fb2ec0db2f"
                    ],
                    [
                        {
                            "id": "test2",
                            "group": "test",
                            "single_end": false
                        },
                        "test2.prophage.out:md5,8166ad81eb844e4172fd02fb2ec0db2f"
                    ]
                ],
                "1": [
                    "versions.yml:md5,2918455fb750db2efde07a9ea12b6ceb",
                    "versions.yml:md5,45815fe0f7dbec34978e0ad426ac94cb",
                    "versions.yml:md5,45815fe0f7dbec34978e0ad426ac94cb",
                    "versions.yml:md5,714c151644dc1370106db50ec068ac08",
                    "versions.yml:md5,e21076525aaa5f7e9005eb2bee4e4668",
                    "versions.yml:md5,e21076525aaa5f7e9005eb2bee4e4668"
                ],
                "prophage": [
                    [
                        {
                            "id": "test1",
                            "group": "test",
                            "single_end": false
                        },
                        "test1.prophage.out:md5,8166ad81eb844e4172fd02fb2ec0db2f"
                    ],
                    [
                        {
                            "id": "test2",
                            "group": "test",
                            "single_end": false
                        },
                        "test2.prophage.out:md5,8166ad81eb844e4172fd02fb2ec0db2f"
                    ]
                ],
                "versions": [
                    "versions.yml:md5,2918455fb750db2efde07a9ea12b6ceb",
                    "versions.yml:md5,45815fe0f7dbec34978e0ad426ac94cb",
                    "versions.yml:md5,45815fe0f7dbec34978e0ad426ac94cb",
                    "versions.yml:md5,714c151644dc1370106db50ec068ac08",
                    "versions.yml:md5,e21076525aaa5f7e9005eb2bee4e4668",
                    "versions.yml:md5,e21076525aaa5f7e9005eb2bee4e4668"
                ]
            }
        ],
        "meta": {
            "nf-test": "0.9.0",
            "nextflow": "24.04.4"
        },
        "timestamp": "2024-10-21T08:05:54.547327855"
    }
}