{
    "b_fragilis - fasta.gz": {
        "content": [
            [
                "versions.yml:md5,254cee6b6b2a35094c27e745590e1d43",
                "versions.yml:md5,254cee6b6b2a35094c27e745590e1d43",
                "versions.yml:md5,a5ea7279e18f784bbdc6a1a947f53735",
                "versions.yml:md5,a5ea7279e18f784bbdc6a1a947f53735",
                "versions.yml:md5,b32b2b59f4acde593188a1ade7f1b371",
                "versions.yml:md5,b32b2b59f4acde593188a1ade7f1b371",
                "versions.yml:md5,c5017d798be666740adc0950007bfb8c",
                "versions.yml:md5,c5017d798be666740adc0950007bfb8c",
                "versions.yml:md5,dbca785f9f6f2d19599f052ab9612ade",
                "versions.yml:md5,dbca785f9f6f2d19599f052ab9612ade"
            ]
        ],
        "meta": {
            "nf-test": "0.9.0",
            "nextflow": "24.04.4"
        },
        "timestamp": "2024-10-15T13:49:49.927871971"
    }
}