{
    "achromobacter_xylosoxidans__01": {
        "content": [
            {
                "0": [
                    [
                        {
                            "id": "achromobacter_xylosoxidans__01"
                        },
                        "achromobacter_xylosoxidans__01.trfinder.fasta.gz:md5,1a73695eba45e75676537cf09a764c07"
                    ]
                ],
                "1": [
                    "versions.yml:md5,4d537387f97a1af2fac93bb00835f3e4"
                ],
                "fasta": [
                    [
                        {
                            "id": "achromobacter_xylosoxidans__01"
                        },
                        "achromobacter_xylosoxidans__01.trfinder.fasta.gz:md5,1a73695eba45e75676537cf09a764c07"
                    ]
                ],
                "versions": [
                    "versions.yml:md5,4d537387f97a1af2fac93bb00835f3e4"
                ]
            }
        ],
        "meta": {
            "nf-test": "0.9.0",
            "nextflow": "24.04.4"
        },
        "timestamp": "2024-09-30T13:54:56.041376882"
    },
    "achromobacter_xylosoxidans__01 - stub": {
        "content": [
            {
                "0": [
                    [
                        {
                            "id": "achromobacter_xylosoxidans__01"
                        },
                        "achromobacter_xylosoxidans__01.trfinder.fasta.gz:md5,68b329da9893e34099c7d8ad5cb9c940"
                    ]
                ],
                "1": [
                    "versions.yml:md5,4d537387f97a1af2fac93bb00835f3e4"
                ],
                "fasta": [
                    [
                        {
                            "id": "achromobacter_xylosoxidans__01"
                        },
                        "achromobacter_xylosoxidans__01.trfinder.fasta.gz:md5,68b329da9893e34099c7d8ad5cb9c940"
                    ]
                ],
                "versions": [
                    "versions.yml:md5,4d537387f97a1af2fac93bb00835f3e4"
                ]
            }
        ],
        "meta": {
            "nf-test": "0.9.0",
            "nextflow": "24.04.4"
        },
        "timestamp": "2024-09-30T13:55:20.672010477"
    }
}
