{
    "sarscov2 - genome - fasta": {
        "content": [
            [
                [
                    {
                        "id": "test1",
                        "single_end": false
                    },
                    "test1_quality_summary.tsv:md5,f7aea0429fd38068bb26be4e16dafd6d"
                ],
                [
                    {
                        "id": "test2",
                        "single_end": false
                    },
                    "test2_quality_summary.tsv:md5,7378f3a63fa5d7e4023f96aa12f0de1a"
                ]
            ],
            [
                [
                    {
                        "id": "test1",
                        "single_end": false
                    },
                    "test1_contamination.tsv:md5,c4072dbfbb3f876baf12f15d65c0e7db"
                ],
                [
                    {
                        "id": "test2",
                        "single_end": false
                    },
                    "test2_contamination.tsv:md5,ee7d35d11b98659798339fedb8e91bd6"
                ]
            ],
            null,
            null,
            [
                "versions.yml:md5,632ef17fe45cea27f0c4fbaab94586d0",
                "versions.yml:md5,632ef17fe45cea27f0c4fbaab94586d0",
                "versions.yml:md5,6802648b7424cba8470d94ec005a951d",
                "versions.yml:md5,bdef4ba3c5474d1d2dab482b3ae060b0",
                "versions.yml:md5,bdef4ba3c5474d1d2dab482b3ae060b0"
            ]
        ],
        "meta": {
            "nf-test": "0.9.0",
            "nextflow": "24.04.4"
        },
        "timestamp": "2024-10-10T07:33:27.452917757"
    }
}