{
    "bam - stub": {
        "content": [
            {
                "0": [
                    [
                        {
                            "id": "test"
                        },
                        "test.mgefinder.find:md5,d41d8cd98f00b204e9800998ecf8427e"
                    ]
                ],
                "1": [
                    "versions.yml:md5,ed932d2bdd2644829430ce7a5bdb3a12"
                ],
                "find": [
                    [
                        {
                            "id": "test"
                        },
                        "test.mgefinder.find:md5,d41d8cd98f00b204e9800998ecf8427e"
                    ]
                ],
                "versions": [
                    "versions.yml:md5,ed932d2bdd2644829430ce7a5bdb3a12"
                ]
            }
        ],
        "meta": {
            "nf-test": "0.9.0",
            "nextflow": "24.04.4"
        },
        "timestamp": "2024-11-07T16:06:51.444151494"
    },
    "fasta.gz - bam": {
        "content": [
            {
                "0": [
                    [
                        {
                            "id": "test"
                        },
                        "test.mgefinder.find:md5,a5e34fa7c7cfcb1f121d4ce5e15390be"
                    ]
                ],
                "1": [
                    "versions.yml:md5,ed932d2bdd2644829430ce7a5bdb3a12"
                ],
                "find": [
                    [
                        {
                            "id": "test"
                        },
                        "test.mgefinder.find:md5,a5e34fa7c7cfcb1f121d4ce5e15390be"
                    ]
                ],
                "versions": [
                    "versions.yml:md5,ed932d2bdd2644829430ce7a5bdb3a12"
                ]
            }
        ],
        "meta": {
            "nf-test": "0.9.0",
            "nextflow": "24.04.4"
        },
        "timestamp": "2024-11-07T16:26:03.079044035"
    }
}