{
    "sarscov2 - pe - nanopore ": {
        "content": [
            [
                [
                    {
                        "id": "test",
                        "single_end": false
                    },
                    "test.scaffolds.fa.gz:md5,7ddaf03740df422a93fcaffbcd7e9679"
                ]
            ],
            [
                [
                    {
                        "id": "test",
                        "single_end": false
                    },
                    "test.contigs.fa.gz:md5,7ddaf03740df422a93fcaffbcd7e9679"
                ]
            ],
            [
                
            ],
            [
                
            ],
            [
                [
                    {
                        "id": "test",
                        "single_end": false
                    },
                    "test.assembly.gfa.gz:md5,19418df83534fc93543dec4ec9b2ae72"
                ]
            ],
            [
                "versions.yml:md5,990abcdf543421412170e5cf413ec56d"
            ]
        ],
        "meta": {
            "nf-test": "0.9.0",
            "nextflow": "24.04.4"
        },
        "timestamp": "2024-09-13T11:54:46.117590417"
    },
    "sarscov2 - pe - hmm ": {
        "content": [
            [
                [
                    {
                        "id": "test",
                        "single_end": false
                    },
                    "test.scaffolds.fa.gz:md5,6263e4b88b3e0099ab0abb0bd034a581"
                ]
            ],
            [
                
            ],
            [
                
            ],
            [
                
            ],
            [
                [
                    {
                        "id": "test",
                        "single_end": false
                    },
                    "test.assembly.gfa.gz:md5,07136eab8e231f095dc5dd62f1b62a91"
                ]
            ],
            [
                "versions.yml:md5,990abcdf543421412170e5cf413ec56d"
            ]
        ],
        "meta": {
            "nf-test": "0.9.0",
            "nextflow": "24.04.4"
        },
        "timestamp": "2024-09-13T11:59:27.109238286"
    },
    "sarscov2 - pe - pacbio ": {
        "content": [
            [
                [
                    {
                        "id": "test",
                        "single_end": false
                    },
                    "test.scaffolds.fa.gz:md5,7ddaf03740df422a93fcaffbcd7e9679"
                ]
            ],
            [
                [
                    {
                        "id": "test",
                        "single_end": false
                    },
                    "test.contigs.fa.gz:md5,7ddaf03740df422a93fcaffbcd7e9679"
                ]
            ],
            [
                
            ],
            [
                
            ],
            [
                [
                    {
                        "id": "test",
                        "single_end": false
                    },
                    "test.assembly.gfa.gz:md5,19418df83534fc93543dec4ec9b2ae72"
                ]
            ],
            [
                "versions.yml:md5,990abcdf543421412170e5cf413ec56d"
            ]
        ],
        "meta": {
            "nf-test": "0.9.0",
            "nextflow": "24.04.4"
        },
        "timestamp": "2024-09-13T11:54:26.231845036"
    },
    "sarscov2 - pe ": {
        "content": [
            [
                
            ],
            [
                [
                    {
                        "id": "test",
                        "single_end": false
                    },
                    "test.contigs.fa.gz:md5,70e4a5485dd59566b212a199c31c343b"
                ]
            ],
            [
                
            ],
            [
                
            ],
            [
                [
                    {
                        "id": "test",
                        "single_end": false
                    },
                    "test.assembly.gfa.gz:md5,b773132d52be5090cdbdf5a643027093"
                ]
            ],
            [
                "versions.yml:md5,990abcdf543421412170e5cf413ec56d"
            ]
        ],
        "meta": {
            "nf-test": "0.9.0",
            "nextflow": "24.04.4"
        },
        "timestamp": "2024-09-13T11:54:05.878453736"
    },
    "sarscov2 - pe - nanopore - yml ": {
        "content": [
            [
                [
                    {
                        "id": "test",
                        "single_end": false
                    },
                    "test.scaffolds.fa.gz:md5,7ddaf03740df422a93fcaffbcd7e9679"
                ]
            ],
            [
                [
                    {
                        "id": "test",
                        "single_end": false
                    },
                    "test.contigs.fa.gz:md5,7ddaf03740df422a93fcaffbcd7e9679"
                ]
            ],
            [
                
            ],
            [
                
            ],
            [
                [
                    {
                        "id": "test",
                        "single_end": false
                    },
                    "test.assembly.gfa.gz:md5,19418df83534fc93543dec4ec9b2ae72"
                ]
            ],
            [
                "versions.yml:md5,990abcdf543421412170e5cf413ec56d"
            ]
        ],
        "meta": {
            "nf-test": "0.9.0",
            "nextflow": "24.04.4"
        },
        "timestamp": "2024-09-13T11:55:06.472401228"
    },
    "sarscov2 - se ": {
        "content": [
            [
                [
                    {
                        "id": "test",
                        "single_end": true
                    },
                    "test.scaffolds.fa.gz:md5,65ba6a517c152dbe219bf4b5b92bdad7"
                ]
            ],
            [
                [
                    {
                        "id": "test",
                        "single_end": true
                    },
                    "test.contigs.fa.gz:md5,65ba6a517c152dbe219bf4b5b92bdad7"
                ]
            ],
            [
                
            ],
            [
                
            ],
            [
                [
                    {
                        "id": "test",
                        "single_end": true
                    },
                    "test.assembly.gfa.gz:md5,e4836fdf7104d79e314e3e50986b4bb2"
                ]
            ],
            [
                "versions.yml:md5,990abcdf543421412170e5cf413ec56d"
            ]
        ],
        "meta": {
            "nf-test": "0.9.0",
            "nextflow": "24.04.4"
        },
        "timestamp": "2024-09-13T11:53:44.326228309"
    },
    "sarscov2 - pe - stub ": {
        "content": [
            {
                "0": [
                    [
                        {
                            "id": "test",
                            "single_end": false
                        },
                        "test.scaffolds.fa.gz:md5,68b329da9893e34099c7d8ad5cb9c940"
                    ]
                ],
                "1": [
                    [
                        {
                            "id": "test",
                            "single_end": false
                        },
                        "test.contigs.fa.gz:md5,68b329da9893e34099c7d8ad5cb9c940"
                    ]
                ],
                "2": [
                    [
                        {
                            "id": "test",
                            "single_end": false
                        },
                        "test.transcripts.fa.gz:md5,68b329da9893e34099c7d8ad5cb9c940"
                    ]
                ],
                "3": [
                    [
                        {
                            "id": "test",
                            "single_end": false
                        },
                        "test.gene_clusters.fa.gz:md5,68b329da9893e34099c7d8ad5cb9c940"
                    ]
                ],
                "4": [
                    [
                        {
                            "id": "test",
                            "single_end": false
                        },
                        "test.assembly.gfa.gz:md5,68b329da9893e34099c7d8ad5cb9c940"
                    ]
                ],
                "5": [
                    [
                        {
                            "id": "test",
                            "single_end": false
                        },
                        "test.warnings.log:md5,d41d8cd98f00b204e9800998ecf8427e"
                    ]
                ],
                "6": [
                    [
                        {
                            "id": "test",
                            "single_end": false
                        },
                        "test.spades.log:md5,d41d8cd98f00b204e9800998ecf8427e"
                    ]
                ],
                "7": [
                    "versions.yml:md5,990abcdf543421412170e5cf413ec56d"
                ],
                "contigs": [
                    [
                        {
                            "id": "test",
                            "single_end": false
                        },
                        "test.contigs.fa.gz:md5,68b329da9893e34099c7d8ad5cb9c940"
                    ]
                ],
                "gene_clusters": [
                    [
                        {
                            "id": "test",
                            "single_end": false
                        },
                        "test.gene_clusters.fa.gz:md5,68b329da9893e34099c7d8ad5cb9c940"
                    ]
                ],
                "gfa": [
                    [
                        {
                            "id": "test",
                            "single_end": false
                        },
                        "test.assembly.gfa.gz:md5,68b329da9893e34099c7d8ad5cb9c940"
                    ]
                ],
                "log": [
                    [
                        {
                            "id": "test",
                            "single_end": false
                        },
                        "test.spades.log:md5,d41d8cd98f00b204e9800998ecf8427e"
                    ]
                ],
                "scaffolds": [
                    [
                        {
                            "id": "test",
                            "single_end": false
                        },
                        "test.scaffolds.fa.gz:md5,68b329da9893e34099c7d8ad5cb9c940"
                    ]
                ],
                "transcripts": [
                    [
                        {
                            "id": "test",
                            "single_end": false
                        },
                        "test.transcripts.fa.gz:md5,68b329da9893e34099c7d8ad5cb9c940"
                    ]
                ],
                "versions": [
                    "versions.yml:md5,990abcdf543421412170e5cf413ec56d"
                ],
                "warnings": [
                    [
                        {
                            "id": "test",
                            "single_end": false
                        },
                        "test.warnings.log:md5,d41d8cd98f00b204e9800998ecf8427e"
                    ]
                ]
            }
        ],
        "meta": {
            "nf-test": "0.9.0",
            "nextflow": "24.04.4"
        },
        "timestamp": "2024-09-13T11:55:43.927568151"
    }
}
